= Value
{
  "Included": "foo"
}

= Flat
[
  "foo"
]
