= Value
{
  "Hello": "World"
}

= Flat
[
  "World"
]
