= Columns
Foo
Eleven
= Values
42
2
= Columns
Foo
One
= Values
42
3
= Columns
Foo
Today
= Values
42
7
