i,foo,ix,dt
1,1,,2018-01-01 00:00:00.000000
2,2,2,2018-01-02 00:00:00.000000
3,3,,2018-01-03 00:00:00.000000
4,4,4,2018-01-04 00:00:00.000000
5,5,,2018-01-05 00:00:00.000000
6,6,6,2018-01-06 00:00:00.000000
7,7,,2018-01-07 00:00:00.000000
8,8,8,2018-01-08 00:00:00.000000
9,9,,2018-01-09 00:00:00.000000
10,10,10,2018-01-10 00:00:00.000000
