= Value
{
  "Hello": "World",
  "Foo": {
    "Bar": 42,
    "Bop": "00000000-0000-0000-0000-000000000000"
  }
}

= Members
[
  "Foo.Bar",
  "Foo.Bop",
  "Hello"
]
