= Value
{
  "Included": "foo"
}

= Members
[
  "Included"
]
