= Value
{
  "Hello": "World"
}

= Members
[
  "Hello"
]
