
2000-01-01 00:00:00.000000
2000-01-01 00:57:00.000000
2000-01-01 01:54:00.000000
2000-01-01 02:51:00.000000
2000-01-01 03:48:00.000000
2000-01-01 04:45:00.000000
2000-01-01 05:42:00.000000
2000-01-01 06:39:00.000000
2000-01-01 07:36:00.000000
2000-01-01 08:33:00.000000
2000-01-01 09:30:00.000000
2000-01-01 10:27:00.000000
2000-01-01 11:24:00.000000
2000-01-01 12:21:00.000000
2000-01-01 13:18:00.000000
2000-01-01 14:15:00.000000
2000-01-01 15:12:00.000000
2000-01-01 16:09:00.000000
2000-01-01 17:06:00.000000
2000-01-01 18:03:00.000000
2000-01-01 19:00:00.000000
2000-01-01 19:57:00.000000
2000-01-01 20:54:00.000000
2000-01-01 21:51:00.000000
