_,A,B,C,D,E,F
"""World","Wo
rld",",rld","rld",",rld",",r
ld",",r
l""d"
