Length,Bytes
0,
1,AA==
2,AAE=
3,AAEC
4,AAECAw==
5,AAECAwQ=
6,AAECAwQF
7,AAECAwQFBg==
8,AAECAwQFBgc=
9,AAECAwQFBgcI
10,AAECAwQFBgcICQ==
11,AAECAwQFBgcICQo=
12,AAECAwQFBgcICQoL
13,AAECAwQFBgcICQoLDA==
14,AAECAwQFBgcICQoLDA0=
15,AAECAwQFBgcICQoLDA0O
16,AAECAwQFBgcICQoLDA0ODw==
17,AAECAwQFBgcICQoLDA0ODxA=
18,AAECAwQFBgcICQoLDA0ODxAR
19,AAECAwQFBgcICQoLDA0ODxAREg==
20,AAECAwQFBgcICQoLDA0ODxAREhM=
21,AAECAwQFBgcICQoLDA0ODxAREhMU
22,AAECAwQFBgcICQoLDA0ODxAREhMUFQ==
23,AAECAwQFBgcICQoLDA0ODxAREhMUFRY=
